[F:/Шакинко/NarajanaWebSite/narajana/backblue.gif]
[F:/Шакинко/NarajanaWebSite/narajana/fade.gif]
[F:/Шакинко/NarajanaWebSite/narajana/index.html]
[F:/Шакинко/NarajanaWebSite/narajana/boxshop.by/favicon.ico]
[F:/Шакинко/NarajanaWebSite/narajana/boxshop.by/assets/templates/narayana/lib/bootstrap/css/bootstrap.min.css]
[F:/Шакинко/NarajanaWebSite/narajana/boxshop.by/assets/templates/narayana/css/template.css]
[F:/Шакинко/NarajanaWebSite/narajana/boxshop.by/assets/templates/narayana/css/media.css]
[F:/Шакинко/NarajanaWebSite/narajana/boxshop.by/assets/templates/narayana/lib/jquery.min.js]
[F:/Шакинко/NarajanaWebSite/narajana/boxshop.by/assets/templates/narayana/lib/jquery.form.min.js]
[F:/Шакинко/NarajanaWebSite/narajana/boxshop.by/assets/templates/narayana/lib/jquery.countdown.plugin.min.js]
[F:/Шакинко/NarajanaWebSite/narajana/boxshop.by/assets/templates/narayana/lib/jquery.countdown.min.js]
[F:/Шакинко/NarajanaWebSite/narajana/boxshop.by/assets/templates/narayana/lib/jquery.simplemodal.1.4.4.min.js]
[F:/Шакинко/NarajanaWebSite/narajana/boxshop.by/assets/templates/narayana/img/logo.png]
[F:/Шакинко/NarajanaWebSite/narajana/boxshop.by/assets/templates/narayana/img/icon-1.png]
[F:/Шакинко/NarajanaWebSite/narajana/boxshop.by/assets/templates/narayana/img/icon-2.png]
[F:/Шакинко/NarajanaWebSite/narajana/boxshop.by/assets/templates/narayana/img/icon-3.png]
[F:/Шакинко/NarajanaWebSite/narajana/boxshop.by/assets/templates/narayana/img/icon-4.png]
[F:/Шакинко/NarajanaWebSite/narajana/boxshop.by/assets/images/600.jpg]
[F:/Шакинко/NarajanaWebSite/narajana/boxshop.by/assets/images/228m.jpg]
[F:/Шакинко/NarajanaWebSite/narajana/boxshop.by/assets/images/300.jpg]
[F:/Шакинко/NarajanaWebSite/narajana/boxshop.by/assets/images/Items/papka_dlya_docs.jpg]
[F:/Шакинко/NarajanaWebSite/narajana/boxshop.by/assets/images/Items/Glue1.jpg]
[F:/Шакинко/NarajanaWebSite/narajana/boxshop.by/assets/images/Items/sbor.jpg]
[F:/Шакинко/NarajanaWebSite/narajana/boxshop.by/assets/images/Items/Zcarb.jpg]
[F:/Шакинко/NarajanaWebSite/narajana/boxshop.by/assets/images/400(1).jpg]
[F:/Шакинко/NarajanaWebSite/narajana/boxshop.by/assets/images/pizza30.jpg]
[F:/Шакинко/NarajanaWebSite/narajana/boxshop.by/assets/images/Items/pizzza_box.jpg]
[F:/Шакинко/NarajanaWebSite/narajana/boxshop.by/assets/images/400-0.jpg]
[F:/Шакинко/NarajanaWebSite/narajana/boxshop.by/assets/images/400-В(1).jpg]
[F:/Шакинко/NarajanaWebSite/narajana/boxshop.by/assets/images/500-0(1).jpg]
[F:/Шакинко/NarajanaWebSite/narajana/boxshop.by/assets/images/500-0.jpg]
[F:/Шакинко/NarajanaWebSite/narajana/boxshop.by/assets/images/500-20.jpg]
[F:/Шакинко/NarajanaWebSite/narajana/boxshop.by/assets/images/500-20-B.jpg]
[F:/Шакинко/NarajanaWebSite/narajana/boxshop.by/assets/images/550-0.jpg]
[F:/Шакинко/NarajanaWebSite/narajana/boxshop.by/assets/images/550-0(1).jpg]
[F:/Шакинко/NarajanaWebSite/narajana/boxshop.by/assets/images/550-40.jpg]
[F:/Шакинко/NarajanaWebSite/narajana/boxshop.by/assets/images/550-40(1).jpg]
[F:/Шакинко/NarajanaWebSite/narajana/boxshop.by/assets/images/800-0.jpg]
[F:/Шакинко/NarajanaWebSite/narajana/boxshop.by/assets/images/800-0-B.jpg]
[F:/Шакинко/NarajanaWebSite/narajana/boxshop.by/assets/images/800-20.jpg]
[F:/Шакинко/NarajanaWebSite/narajana/boxshop.by/assets/images/800-20-B(1).jpg]
[F:/Шакинко/NarajanaWebSite/narajana/boxshop.by/assets/images/800DB-0.jpg]
[F:/Шакинко/NarajanaWebSite/narajana/boxshop.by/assets/images/800-DB-0-B.jpg]
[F:/Шакинко/NarajanaWebSite/narajana/boxshop.by/assets/images/100-b.png]
[F:/Шакинко/NarajanaWebSite/narajana/boxshop.by/assets/images/1000-Black.jpg]
[F:/Шакинко/NarajanaWebSite/narajana/boxshop.by/assets/images/1200-DB-Black.jpg]
[F:/Шакинко/NarajanaWebSite/narajana/boxshop.by/assets/images/1200-b.png]
[F:/Шакинко/NarajanaWebSite/narajana/boxshop.by/assets/images/Otzyvy/2.jpg]
[F:/Шакинко/NarajanaWebSite/narajana/boxshop.by/assets/images/Otzyvy/1.png]
[F:/Шакинко/NarajanaWebSite/narajana/boxshop.by/assets/images/Otzyvy/4.png]
[F:/Шакинко/NarajanaWebSite/narajana/boxshop.by/assets/images/Otzyvy/5.png]
[F:/Шакинко/NarajanaWebSite/narajana/boxshop.by/assets/images/Otzyvy/6.png]
[F:/Шакинко/NarajanaWebSite/narajana/boxshop.by/assets/images/Otzyvy/3.png]
[F:/Шакинко/NarajanaWebSite/narajana/boxshop.by/assets/templates/narayana/img/logo-footer.png]
[F:/Шакинко/NarajanaWebSite/narajana/boxshop.by/assets/templates/narayana/img/ux.png]
[F:/Шакинко/NarajanaWebSite/narajana/www.google-analytics.com/analytics.js]
[F:/Шакинко/NarajanaWebSite/narajana/boxshop.by/index.html]
[F:/Шакинко/NarajanaWebSite/narajana/boxshop.by/assets/templates/narayana/lib/bootstrap/css/bootstrap.min.css]
[F:/Шакинко/NarajanaWebSite/narajana/boxshop.by/assets/templates/narayana/css/template.css]
[F:/Шакинко/NarajanaWebSite/narajana/boxshop.by/assets/templates/narayana/css/media.css]
[F:/Шакинко/NarajanaWebSite/narajana/boxshop.by/assets/templates/narayana/lib/bxslider/jquery.bxslider.min.js]
[F:/Шакинко/NarajanaWebSite/narajana/boxshop.by/assets/templates/narayana/js/template.js]
[F:/Шакинко/NarajanaWebSite/narajana/mc.yandex.ru/metrika/watch.js]
